Test flip
Keep resolution testing.
training chunk_sizes: [32]
The output will be saved to  /scratch_net/biwidl213/silvasta/detectors/CenterNet/src/lib/../../exp/ctdet/robocup_test_resdcn18
heads {'hm': 80, 'wh': 2, 'reg': 2}
Namespace(K=100, aggr_weight=0.0, agnostic_ex=False, arch='resdcn_18', aug_ddd=0.5, aug_rot=0, batch_size=32, cat_spec_wh=False, center_thresh=0.1, chunk_sizes=[32], data_dir='/scratch_net/biwidl213/silvasta/detectors/CenterNet/src/lib/../../data', dataset='robocup', debug=0, debug_dir='/scratch_net/biwidl213/silvasta/detectors/CenterNet/src/lib/../../exp/ctdet/robocup_test_resdcn18/debug', debugger_theme='white', demo='', dense_hp=False, dense_wh=False, dep_weight=1, dim_weight=1, down_ratio=4, eval_oracle_dep=False, eval_oracle_hm=False, eval_oracle_hmhp=False, eval_oracle_hp_offset=False, eval_oracle_kps=False, eval_oracle_offset=False, eval_oracle_wh=False, exp_dir='/scratch_net/biwidl213/silvasta/detectors/CenterNet/src/lib/../../exp/ctdet', exp_id='robocup_test_resdcn18', fix_res=False, flip=0.5, flip_test=False, gpus=[0], gpus_str='0', head_conv=64, heads={'hm': 80, 'wh': 2, 'reg': 2}, hide_data_time=False, hm_hp=True, hm_hp_weight=1, hm_weight=1, hp_weight=1, input_h=640, input_res=640, input_w=480, keep_res=True, kitti_split='3dop', load_model='../models/robocup_resnet_140/model_best.pth', lr=0.000125, lr_step=[90, 120], master_batch_size=32, mean=array([[[0.40789655, 0.44719303, 0.47026116]]], dtype=float32), metric='loss', mse_loss=False, nms=False, no_color_aug=False, norm_wh=False, not_cuda_benchmark=False, not_hm_hp=False, not_prefetch_test=False, not_rand_crop=False, not_reg_bbox=False, not_reg_hp_offset=False, not_reg_offset=False, num_classes=80, num_epochs=140, num_iters=-1, num_stacks=1, num_workers=4, off_weight=1, output_h=160, output_res=160, output_w=120, pad=31, peak_thresh=0.2, print_iter=0, rect_mask=False, reg_bbox=True, reg_hp_offset=True, reg_loss='l1', reg_offset=True, resume=False, root_dir='/scratch_net/biwidl213/silvasta/detectors/CenterNet/src/lib/../..', rot_weight=1, rotate=0, save_all=False, save_dir='/scratch_net/biwidl213/silvasta/detectors/CenterNet/src/lib/../../exp/ctdet/robocup_test_resdcn18', scale=0.4, scores_thresh=0.1, seed=317, shift=0.1, std=array([[[0.2886383 , 0.27408165, 0.27809834]]], dtype=float32), task='ctdet', test=False, test_scales=[1.0], trainval=False, val_intervals=5, vis_thresh=0.3, wh_weight=0.1)
==> initializing RoboCup 2019 val data.
loading annotations into memory...
Done (t=0.03s)
creating index...
index created!
Loaded val 93 samples
Creating model...
=> loading pretrained model https://download.pytorch.org/models/resnet18-5c106cde.pth
=> init deconv weights from normal distribution
loaded ../models/robocup_resnet_140/model_best.pth, epoch 65

Loading and preparing results...
DONE (t=0.04s)
creating index...
index created!
Running per image evaluation...
Evaluate annotation type *bbox*
DONE (t=0.62s).
Accumulating evaluation results...
DONE (t=0.07s).
 Average Precision  (AP) @[ IoU=0.50:0.95 | area=   all | maxDets=100 ] = 0.349
 Average Precision  (AP) @[ IoU=0.50      | area=   all | maxDets=100 ] = 0.712
 Average Precision  (AP) @[ IoU=0.75      | area=   all | maxDets=100 ] = 0.287
 Average Precision  (AP) @[ IoU=0.50:0.95 | area= small | maxDets=100 ] = 0.164
 Average Precision  (AP) @[ IoU=0.50:0.95 | area=medium | maxDets=100 ] = 0.367
 Average Precision  (AP) @[ IoU=0.50:0.95 | area= large | maxDets=100 ] = 0.385
 Average Recall     (AR) @[ IoU=0.50:0.95 | area=   all | maxDets=  1 ] = 0.258
 Average Recall     (AR) @[ IoU=0.50:0.95 | area=   all | maxDets= 10 ] = 0.458
 Average Recall     (AR) @[ IoU=0.50:0.95 | area=   all | maxDets=100 ] = 0.460
 Average Recall     (AR) @[ IoU=0.50:0.95 | area= small | maxDets=100 ] = 0.171
 Average Recall     (AR) @[ IoU=0.50:0.95 | area=medium | maxDets=100 ] = 0.446
 Average Recall     (AR) @[ IoU=0.50:0.95 | area= large | maxDets=100 ] = 0.499
Test flipped
Keep resolution testing.
training chunk_sizes: [32]
The output will be saved to  /scratch_net/biwidl213/silvasta/detectors/CenterNet/src/lib/../../exp/ctdet/robocup_test_resdcn18
heads {'hm': 80, 'wh': 2, 'reg': 2}
Namespace(K=100, aggr_weight=0.0, agnostic_ex=False, arch='resdcn_18', aug_ddd=0.5, aug_rot=0, batch_size=32, cat_spec_wh=False, center_thresh=0.1, chunk_sizes=[32], data_dir='/scratch_net/biwidl213/silvasta/detectors/CenterNet/src/lib/../../data', dataset='robocup', debug=0, debug_dir='/scratch_net/biwidl213/silvasta/detectors/CenterNet/src/lib/../../exp/ctdet/robocup_test_resdcn18/debug', debugger_theme='white', demo='', dense_hp=False, dense_wh=False, dep_weight=1, dim_weight=1, down_ratio=4, eval_oracle_dep=False, eval_oracle_hm=False, eval_oracle_hmhp=False, eval_oracle_hp_offset=False, eval_oracle_kps=False, eval_oracle_offset=False, eval_oracle_wh=False, exp_dir='/scratch_net/biwidl213/silvasta/detectors/CenterNet/src/lib/../../exp/ctdet', exp_id='robocup_test_resdcn18', fix_res=False, flip=0.5, flip_test=True, gpus=[0], gpus_str='0', head_conv=64, heads={'hm': 80, 'wh': 2, 'reg': 2}, hide_data_time=False, hm_hp=True, hm_hp_weight=1, hm_weight=1, hp_weight=1, input_h=640, input_res=640, input_w=480, keep_res=True, kitti_split='3dop', load_model='../models/robocup_resnet_140/model_best.pth', lr=0.000125, lr_step=[90, 120], master_batch_size=32, mean=array([[[0.40789655, 0.44719303, 0.47026116]]], dtype=float32), metric='loss', mse_loss=False, nms=False, no_color_aug=False, norm_wh=False, not_cuda_benchmark=False, not_hm_hp=False, not_prefetch_test=False, not_rand_crop=False, not_reg_bbox=False, not_reg_hp_offset=False, not_reg_offset=False, num_classes=80, num_epochs=140, num_iters=-1, num_stacks=1, num_workers=4, off_weight=1, output_h=160, output_res=160, output_w=120, pad=31, peak_thresh=0.2, print_iter=0, rect_mask=False, reg_bbox=True, reg_hp_offset=True, reg_loss='l1', reg_offset=True, resume=False, root_dir='/scratch_net/biwidl213/silvasta/detectors/CenterNet/src/lib/../..', rot_weight=1, rotate=0, save_all=False, save_dir='/scratch_net/biwidl213/silvasta/detectors/CenterNet/src/lib/../../exp/ctdet/robocup_test_resdcn18', scale=0.4, scores_thresh=0.1, seed=317, shift=0.1, std=array([[[0.2886383 , 0.27408165, 0.27809834]]], dtype=float32), task='ctdet', test=False, test_scales=[1.0], trainval=False, val_intervals=5, vis_thresh=0.3, wh_weight=0.1)
==> initializing RoboCup 2019 val data.
loading annotations into memory...
Done (t=0.01s)
creating index...
index created!
Loaded val 93 samples
Creating model...
=> loading pretrained model https://download.pytorch.org/models/resnet18-5c106cde.pth
=> init deconv weights from normal distribution
loaded ../models/robocup_resnet_140/model_best.pth, epoch 65


Loading and preparing results...
DONE (t=0.04s)
creating index...
index created!
Running per image evaluation...
Evaluate annotation type *bbox*
DONE (t=0.64s).
Accumulating evaluation results...
DONE (t=0.06s).
 Average Precision  (AP) @[ IoU=0.50:0.95 | area=   all | maxDets=100 ] = 0.369
 Average Precision  (AP) @[ IoU=0.50      | area=   all | maxDets=100 ] = 0.736
 Average Precision  (AP) @[ IoU=0.75      | area=   all | maxDets=100 ] = 0.308
 Average Precision  (AP) @[ IoU=0.50:0.95 | area= small | maxDets=100 ] = 0.148
 Average Precision  (AP) @[ IoU=0.50:0.95 | area=medium | maxDets=100 ] = 0.390
 Average Precision  (AP) @[ IoU=0.50:0.95 | area= large | maxDets=100 ] = 0.402
 Average Recall     (AR) @[ IoU=0.50:0.95 | area=   all | maxDets=  1 ] = 0.268
 Average Recall     (AR) @[ IoU=0.50:0.95 | area=   all | maxDets= 10 ] = 0.464
 Average Recall     (AR) @[ IoU=0.50:0.95 | area=   all | maxDets=100 ] = 0.464
 Average Recall     (AR) @[ IoU=0.50:0.95 | area= small | maxDets=100 ] = 0.157
 Average Recall     (AR) @[ IoU=0.50:0.95 | area=medium | maxDets=100 ] = 0.451
 Average Recall     (AR) @[ IoU=0.50:0.95 | area= large | maxDets=100 ] = 0.503
Test multi scale
Keep resolution testing.
training chunk_sizes: [32]
The output will be saved to  /scratch_net/biwidl213/silvasta/detectors/CenterNet/src/lib/../../exp/ctdet/robocup_test_resdcn18
heads {'hm': 80, 'wh': 2, 'reg': 2}
Namespace(K=100, aggr_weight=0.0, agnostic_ex=False, arch='resdcn_18', aug_ddd=0.5, aug_rot=0, batch_size=32, cat_spec_wh=False, center_thresh=0.1, chunk_sizes=[32], data_dir='/scratch_net/biwidl213/silvasta/detectors/CenterNet/src/lib/../../data', dataset='robocup', debug=0, debug_dir='/scratch_net/biwidl213/silvasta/detectors/CenterNet/src/lib/../../exp/ctdet/robocup_test_resdcn18/debug', debugger_theme='white', demo='', dense_hp=False, dense_wh=False, dep_weight=1, dim_weight=1, down_ratio=4, eval_oracle_dep=False, eval_oracle_hm=False, eval_oracle_hmhp=False, eval_oracle_hp_offset=False, eval_oracle_kps=False, eval_oracle_offset=False, eval_oracle_wh=False, exp_dir='/scratch_net/biwidl213/silvasta/detectors/CenterNet/src/lib/../../exp/ctdet', exp_id='robocup_test_resdcn18', fix_res=False, flip=0.5, flip_test=True, gpus=[0], gpus_str='0', head_conv=64, heads={'hm': 80, 'wh': 2, 'reg': 2}, hide_data_time=False, hm_hp=True, hm_hp_weight=1, hm_weight=1, hp_weight=1, input_h=640, input_res=640, input_w=480, keep_res=True, kitti_split='3dop', load_model='../models/robocup_resnet_140/model_best.pth', lr=0.000125, lr_step=[90, 120], master_batch_size=32, mean=array([[[0.40789655, 0.44719303, 0.47026116]]], dtype=float32), metric='loss', mse_loss=False, nms=False, no_color_aug=False, norm_wh=False, not_cuda_benchmark=False, not_hm_hp=False, not_prefetch_test=False, not_rand_crop=False, not_reg_bbox=False, not_reg_hp_offset=False, not_reg_offset=False, num_classes=80, num_epochs=140, num_iters=-1, num_stacks=1, num_workers=4, off_weight=1, output_h=160, output_res=160, output_w=120, pad=31, peak_thresh=0.2, print_iter=0, rect_mask=False, reg_bbox=True, reg_hp_offset=True, reg_loss='l1', reg_offset=True, resume=False, root_dir='/scratch_net/biwidl213/silvasta/detectors/CenterNet/src/lib/../..', rot_weight=1, rotate=0, save_all=False, save_dir='/scratch_net/biwidl213/silvasta/detectors/CenterNet/src/lib/../../exp/ctdet/robocup_test_resdcn18', scale=0.4, scores_thresh=0.1, seed=317, shift=0.1, std=array([[[0.2886383 , 0.27408165, 0.27809834]]], dtype=float32), task='ctdet', test=False, test_scales=[1.0], trainval=False, val_intervals=5, vis_thresh=0.3, wh_weight=0.1)
==> initializing RoboCup 2019 val data.
loading annotations into memory...
Done (t=0.01s)
creating index...
index created!
Loaded val 93 samples
Creating model...
=> loading pretrained model https://download.pytorch.org/models/resnet18-5c106cde.pth
=> init deconv weights from normal distribution
loaded ../models/robocup_resnet_140/model_best.pth, epoch 65


Loading and preparing results...
DONE (t=0.03s)
creating index...
index created!
Running per image evaluation...
Evaluate annotation type *bbox*
DONE (t=0.60s).
Accumulating evaluation results...
DONE (t=0.06s).
 Average Precision  (AP) @[ IoU=0.50:0.95 | area=   all | maxDets=100 ] = 0.369
 Average Precision  (AP) @[ IoU=0.50      | area=   all | maxDets=100 ] = 0.736
 Average Precision  (AP) @[ IoU=0.75      | area=   all | maxDets=100 ] = 0.308
 Average Precision  (AP) @[ IoU=0.50:0.95 | area= small | maxDets=100 ] = 0.148
 Average Precision  (AP) @[ IoU=0.50:0.95 | area=medium | maxDets=100 ] = 0.390
 Average Precision  (AP) @[ IoU=0.50:0.95 | area= large | maxDets=100 ] = 0.402
 Average Recall     (AR) @[ IoU=0.50:0.95 | area=   all | maxDets=  1 ] = 0.268
 Average Recall     (AR) @[ IoU=0.50:0.95 | area=   all | maxDets= 10 ] = 0.464
 Average Recall     (AR) @[ IoU=0.50:0.95 | area=   all | maxDets=100 ] = 0.464
 Average Recall     (AR) @[ IoU=0.50:0.95 | area= small | maxDets=100 ] = 0.157
 Average Recall     (AR) @[ IoU=0.50:0.95 | area=medium | maxDets=100 ] = 0.451
 Average Recall     (AR) @[ IoU=0.50:0.95 | area= large | maxDets=100 ] = 0.503
